// Jest Snapshot v1, https://goo.gl/fbAQLP

exports[`Render Driver render correctly Driver component 1`] = `
<div>
  <img
    alt="alonso"
    className="image"
    src="alonso.png"
  />
  <div
    className="title"
  >
    alonso
  </div>
</div>
`;
