// Jest Snapshot v1, https://goo.gl/fbAQLP

exports[`Render BackButton render correctly BackButton component 1`] = `
<div
  className="root"
/>
`;
