// Jest Snapshot v1, https://goo.gl/fbAQLP

exports[`Render SeasonTable render correctly SeasonTable component 1`] = `
<div
  className="root"
/>
`;
